{"roommates":[{"id":0,"name":"David","items":[0,2,6,8,9,11,12,16,20,23],"total":10.49,"tax_share":0.76},{"id":1,"name":"Erica","items":[0,1,2,5,6,7,8,16,20,22,24],"total":15.34,"tax_share":1.11},{"id":2,"name":"Sarah","items":[0,2,5,6,8,12,13,15,16,19,23],"total":16.22,"tax_share":1.17},{"id":3,"name":"Jordan","items":[0,1,4,9,11,12,21],"total":6.58,"tax_share":0.48},{"id":4,"name":"Jake","items":[0,1,3,7,9,10,12,13,15,22],"total":11.46,"tax_share":0.83},{"id":5,"name":"Chandler","items":[0,1,5,7,10,11,13,15,17,19,22,24],"total":19.64,"tax_share":1.42},{"id":6,"name":"Donald","items":[3,4,7,10,14,15,18,19,24],"total":24.47,"tax_share":1.77},{"id":7,"name":"Gianna","items":[0,3,4,5,6,9,10,11,14,15,17,19,21,24],"total":24.4,"tax_share":1.76}],"cart":{"total":128.59,"tax":9.3,"line_items":[{"id":0,"item_name":"chicken breast","cost":5.67,"share_cost":0.0,"splitting":[0,1,2,3,4,5,7]},{"id":1,"item_name":"milk","cost":3.25,"share_cost":0.0,"splitting":[1,3,4,5]},{"id":2,"item_name":"bacon","cost":2.56,"share_cost":0.0,"splitting":[0,1,2]},{"id":3,"item_name":"peanut butter","cost":3.98,"share_cost":0.0,"splitting":[4,6,7]},{"id":4,"item_name":"broccoli","cost":2.35,"share_cost":0.0,"splitting":[3,6,7]},{"id":5,"item_name":"wine","cost":8.5,"share_cost":0.0,"splitting":[1,2,5,7]},{"id":6,"item_name":"coffee","cost":2.5,"share_cost":0.0,"splitting":[0,1,2,7]},{"id":7,"item_name":"cookies","cost":3.25,"share_cost":0.0,"splitting":[1,4,5,6]},{"id":8,"item_name":"brussel sprouts","cost":4.22,"share_cost":0.0,"splitting":[0,1,2]},{"id":9,"item_name":"garlic","cost":1.43,"share_cost":0.0,"splitting":[0,3,4,7]},{"id":10,"item_name":"onion powder","cost":5.65,"share_cost":0.0,"splitting":[4,5,6,7]},{"id":11,"item_name":"salt","cost":3.65,"share_cost":0.0,"splitting":[0,3,5,7]},{"id":12,"item_name":"bell peppers","cost":2.2,"share_cost":0.0,"splitting":[0,2,3,4]},{"id":13,"item_name":"canned soup","cost":4.33,"share_cost":0.0,"splitting":[2,4,5]},{"id":14,"item_name":"sport drink","cost":9.1,"share_cost":0.0,"splitting":[6,7]},{"id":15,"item_name":"granola bars","cost":5.36,"share_cost":0.0,"splitting":[2,4,5,6,7]},{"id":16,"item_name":"crackers","cost":4.21,"share_cost":0.0,"splitting":[0,1,2]},{"id":17,"item_name":"candy","cost":2.98,"share_cost":0.0,"splitting":[5,7]},{"id":18,"item_name":"drink powder","cost":7.45,"share_cost":0.0,"splitting":[6]},{"id":19,"item_name":"protein bars","cost":12.78,"share_cost":0.0,"splitting":[2,5,6,7]},{"id":20,"item_name":"chips","cost":2.5,"share_cost":0.0,"splitting":[0,1]},{"id":21,"item_name":"olive oil","cost":3.75,"share_cost":0.0,"splitting":[3,7]},{"id":22,"item_name":"flour","cost":6.1,"share_cost":0.0,"splitting":[1,4,5]},{"id":23,"item_name":"sugar","cost":3.12,"share_cost":0.0,"splitting":[0,2]},{"id":24,"item_name":"seaweed","cost":8.4,"share_cost":0.0,"splitting":[1,5,6,7]}]}}