{"roommates":[{"id":0,"name":"David","items":[0,1,2],"total":7.59,"tax_share":0.57},{"id":1,"name":"Erica","items":[0,1,3],"total":9.12,"tax_share":0.68},{"id":2,"name":"Sarah","items":[],"total":0.0,"tax_share":0.0}],"cart":{"total":16.71,"tax":1.25,"line_items":[{"id":0,"item_name":"chicken breast","cost":5.67,"share_cost":0.0,"splitting":[0,1]},{"id":1,"item_name":"milk","cost":3.25,"share_cost":0.0,"splitting":[0,1]},{"id":2,"item_name":"bacon","cost":2.56,"share_cost":0.0,"splitting":[0]},{"id":3,"item_name":"peanut butter","cost":3.98,"share_cost":0.0,"splitting":[1]}]}}
