{"roommates":[{"id":0,"name":"David","items":[0,1,5,6,7,8,9],"total":22.029980734580737,"tax_share":1.9076474012474015},{"id":1,"name":"Donald","items":[0,2,5],"total":6.35423367983368,"tax_share":0.5502336798336799},{"id":2,"name":"Erica","items":[0,1,6,7],"total":11.99611586971587,"tax_share":1.0387825363825365},{"id":3,"name":"Derek","items":[0,4],"total":2.08450395010395,"tax_share":0.1805039501039501},{"id":4,"name":"Jordan","items":[0,2,6],"total":3.6537208593208589,"tax_share":0.31638752598752598},{"id":5,"name":"Chandler","items":[3,8],"total":6.541444906444906,"tax_share":0.5664449064449064}],"cart":{"total":52.66,"tax":4.56,"line_items":[{"id":0,"item_name":"chicken breast","cost":5.67,"share_cost":0.0,"splitting":[0,1,2,3,4]},{"id":1,"item_name":"milk","cost":3.25,"share_cost":0.0,"splitting":[0,2]},{"id":2,"item_name":"menudo","cost":2.56,"share_cost":0.0,"splitting":[1,4]},{"id":3,"item_name":"febreeze","cost":3.98,"share_cost":0.0,"splitting":[5]},{"id":4,"item_name":"habenero peppers","cost":0.77,"share_cost":0.0,"splitting":[3]},{"id":5,"item_name":"Barilla Pasta","cost":6.78,"share_cost":0.0,"splitting":[0,1]},{"id":6,"item_name":"bacon","cost":2.77,"share_cost":0.0,"splitting":[0,2,4]},{"id":7,"item_name":"Korean short ribs","cost":14.55,"share_cost":0.0,"splitting":[0,2]},{"id":8,"item_name":"Ben n Jerry's","cost":3.99,"share_cost":0.0,"splitting":[0,5]},{"id":9,"item_name":"kraft singles","cost":3.78,"share_cost":0.0,"splitting":[0]}]}}
