{"roommates":[{"id":0,"name":"David","items":[0,1,2],"total":6.5661869340232859,"tax_share":0.4911869340232858},{"id":1,"name":"Erica","items":[0,1,3],"total":8.100999353169469,"tax_share":0.6059993531694695},{"id":2,"name":"Sarah","items":[0],"total":2.0428137128072447,"tax_share":0.15281371280724449}],"cart":{"total":16.71,"tax":1.25,"line_items":[{"id":0,"item_name":"chicken breast","cost":5.67,"share_cost":0.0,"splitting":[0,1,2]},{"id":1,"item_name":"milk","cost":3.25,"share_cost":0.0,"splitting":[0,1]},{"id":2,"item_name":"bacon","cost":2.56,"share_cost":0.0,"splitting":[0]},{"id":3,"item_name":"peanut butter","cost":3.98,"share_cost":0.0,"splitting":[1]}]}}